[saurabhpatil.netlify.app/index.html]
[backblue.gif]
[fade.gif]
[index.html]
[saurabhpatil.netlify.app/src/png/main-favicon.png]
[unpkg.com/aos@3.0.0-beta.6/dist/aos.css]
[saurabhpatil.netlify.app/style.css]
[saurabhpatil.netlify.app/src/mp3/preloader.mp3]
[saurabhpatil.netlify.app/src/png/nav-avatar.png]
[saurabhpatil.netlify.app/src/webp/Saurabh.png]
[saurabhpatil.netlify.app/src/png/JavaLogo.png]
[saurabhpatil.netlify.app/src/png/SalesforceLogo.png]
[saurabhpatil.netlify.app/src/png/githublogo.png]
[saurabhpatil.netlify.app/src/png/htmllogo.png]
[saurabhpatil.netlify.app/src/png/csslogo.png]
[saurabhpatil.netlify.app/src/png/jslogo.png]
[saurabhpatil.netlify.app/src/png/bootstraplogo.png]
[saurabhpatil.netlify.app/src/png/AngularLogo.png]
[saurabhpatil.netlify.app/src/png/gitlogo.png]
[saurabhpatil.netlify.app/src/png/clogo.png]
[saurabhpatil.netlify.app/src/png/PythonLogo.png]
[saurabhpatil.netlify.app/src/png/cpplogo.png]
[saurabhpatil.netlify.app/src/webp/htmlCssJsServiece-Image.png]
[saurabhpatil.netlify.app/src/webp/hrResource-Favicon.png]
[saurabhpatil.netlify.app/src/svg/github.svg]
[saurabhpatil.netlify.app/noresponse.html]
[saurabhpatil.netlify.app/src/webp/Hr Resource.png]
[saurabhpatil.netlify.app/src/webp/RecruiterPro-Favicon.png]
[saurabhpatil.netlify.app/src/webp/RecruiterPro Project.png]
[saurabhpatil.netlify.app/src/webp/PortFolio.png]
[saurabhpatil.netlify.app/src/png/favicon_qr.png]
[saurabhpatil.netlify.app/src/webp/QR Site Home.png]
[saurabhpatil.netlify.app/src/png/robot.png]
[saurabhpatil.netlify.app/src/webp/GPT.AI.png]
[saurabhpatil.netlify.app/src/png/SkyNetWeather.png]
[saurabhpatil.netlify.app/src/webp/SkynetWeather App.png]
[saurabhpatil.netlify.app/thank-you-page/thank-you.html]
[saurabhpatil.netlify.app/src/png/footer-avatar-saurabh.png]
[saurabhpatil.netlify.app/main.js]
[unpkg.com/aos@3.0.0-beta.6/dist/aos.js]
[saurabhpatil.netlify.app/index.html]
[unpkg.com/aos@3.0.0-beta.6/dist/aos.css]
[saurabhpatil.netlify.app/src/pdf/Saurabh Patil Resume.pdf]
[saurabhpatil.netlify.app/src/svg/settings-svgrepo-com.svg]
[saurabhpatil.netlify.app/src/png/crescent-moon.28.delayed]
[saurabhpatil.netlify.app/src/png/sun.png]
[saurabhpatil.netlify.app/src/svg/Pulse-0.4s-200px.svg]
[saurabhpatil.netlify.app/style.css]
[saurabhpatil.netlify.app/src/svg/github.svg]
[saurabhpatil.netlify.app/noresponse.html]
[saurabhpatil.netlify.app/thank-you-page/thank-you.css]
[saurabhpatil.netlify.app/thank-you-page/thank-you.js]
[saurabhpatil.netlify.app/thank-you-page/thank-you.html]
[saurabhpatil.netlify.app/src/svg/settings-svgrepo-com.svg]
[saurabhpatil.netlify.app/src/png/crescent-moon.html]
[saurabhpatil.netlify.app/src/svg/Mute_Icon.svg]
[saurabhpatil.netlify.app/src/svg/Speaker_Icon.svg]
[saurabhpatil.netlify.app/src/svg/Pulse-0.4s-200px.svg]
[www.googletagmanager.com/gtm5445.html]
[saurabhpatil.netlify.app/thank-you-page/thank-you.css]
