[agrawalpratham.in/index.html]
[backblue.gif]
[fade.gif]
[index.html]
[agrawalpratham.in/apple-touch-icon.png]
[agrawalpratham.in/favicon-32x32.png]
[agrawalpratham.in/favicon-16x16.png]
[agrawalpratham.in/site.webmanifest]
[agrawalpratham.in/assets/png/og_img.png]
[agrawalpratham.in/_next/static/css/0980a3606f9fcba6.css]
[agrawalpratham.in/_next/static/chunks/polyfills-78c92fac7aa8fdd8.js]
[agrawalpratham.in/_next/static/chunks/webpack-c4acd79e87956a0e.js]
[agrawalpratham.in/_next/static/chunks/framework-ecc4130bc7a58a64.js]
[agrawalpratham.in/_next/static/chunks/main-ac52e5f1ea1d2a16.js]
[agrawalpratham.in/_next/static/chunks/pages/_app-bf802c30ed531f2f.js]
[agrawalpratham.in/_next/static/chunks/463-459b25a34d7b1ec4.js]
[agrawalpratham.in/_next/static/chunks/pages/index-4f3d896153c3487d.js]
[agrawalpratham.in/_next/static/7PRPOgnZ5KxhMP_Ti6AO9/_buildManifest.js]
[agrawalpratham.in/_next/static/7PRPOgnZ5KxhMP_Ti6AO9/_ssgManifest.js]
[agrawalpratham.in/_next/personal_logofbc1.png]
[agrawalpratham.in/_next/me0000.jpg]
[mui.com/static/logo.png]
[cdn4.iconfinder.com/data/icons/google-i-o-2016/512/1611674.png]
[agrawalpratham.in/Next.14.delayed]
[agrawalpratham.in/Node.15.delayed]
[agrawalpratham.in/assets/svg/work_exp.svg]
[agrawalpratham.in/_next/tech_solutioncf85.png]
[agrawalpratham.in/_next/zostel_cloneba13.png]
[agrawalpratham.in/_next/linkedin-ico503f.png]
[agrawalpratham.in/_next/github-icof2dc.png]
[agrawalpratham.in/_next/twitter-icodf74.png]
[agrawalpratham.in/_next/insta-icof1de.png]
[agrawalpratham.in/index.html]
[agrawalpratham.in/safari-pinned-tab.svg]
[agrawalpratham.in/_next/static/css/0980a3606f9fcba6.css]
[agrawalpratham.in/404]
[agrawalpratham.in/404-2]
[agrawalpratham.in/assets/svg/work_exp.svg]
[agrawalpratham.in/assets/svg/common-bg.svg]
[agrawalpratham.in/assets/svg/common-bg.svg]
